[0;32mI (586) wifï¿½ets Jun  8 2016 00:22:57

rst:0x1 (POWERON_RESET),boot:0x13 (SPI_FAST_FLASH_BOOT)
configsip: 0, SPIWP:0xee
clk_drv:0x00,q_drv:0x00,d_drv:0x00,cs0_drv:0x00,hd_drv:0x00,wp_drv:0x00
mode:DIO, clock div:2
load:0x3fff0030,len:7172
load:0x40078000,len:15540
load:0x40080400,len:4
ho 8 tail 4 room 4
load:0x40080404,len:3904
entry 0x40080640
[0;32mI (31) boot: ESP-IDF v5.2.3 2nd stage bootloader[0m
[0;32mI (31) boot: compile time Nov 28 2024 03:29:45[0m
[0;32mI (31) boot: Multicore bootloader[0m
[0;32mI (35) boot: chip revision: v1.0[0m
[0;32mI (39) boot.esp32: SPI Speed      : 40MHz[0m
[0;32mI (44) boot.esp32: SPI Mode       : DIO[0m
[0;32mI (48) boot.esp32: SPI Flash Size : 2MB[0m
[0;32mI (53) boot: Enabling RNG early entropy source...[0m
[0;32mI (58) boot: Partition Table:[0m
[0;32mI (62) boot: ## Label            Usage          Type ST Offset   Length[0m
[0;32mI (69) boot:  0 nvs              WiFi data        01 02 00009000 00006000[0m
[0;32mI (77) boot:  1 phy_init         RF data          01 01 0000f000 00001000[0m
[0;32mI (84) boot:  2 factory          factory app      00 00 00010000 00100000[0m
[0;32mI (92) boot: End of partition table[0m
[0;32mI (96) esp_image: segment 0: paddr=00010020 vaddr=3f400020 size=1da90h (121488) map[0m
[0;32mI (146) esp_image: segment 1: paddr=0002dab8 vaddr=3ffb0000 size=02560h (  9568) load[0m
[0;32mI (150) esp_image: segment 2: paddr=00030020 vaddr=400d0020 size=7d2e4h (512740) map[0m
[0;32mI (327) esp_image: segment 3: paddr=000ad30c vaddr=3ffb2560 size=0176ch (  5996) load[0m
[0;32mI (330) esp_image: segment 4: paddr=000aea80 vaddr=40080000 size=169c4h ( 92612) load[0m
[0;32mI (381) boot: Loaded app from partition at offset 0x10000[0m
[0;32mI (381) boot: Disabling RNG early entropy source...[0m
[0;32mI (392) cpu_start: Multicore app[0m
[0;32mI (401) cpu_start: Pro cpu start user code[0m
[0;32mI (401) cpu_start: cpu freq: 160000000 Hz[0m
[0;32mI (401) cpu_start: Application information:[0m
[0;32mI (404) cpu_start: Project name:     template[0m
[0;32mI (409) cpu_start: App version:      e45eec7[0m
[0;32mI (414) cpu_start: Compile time:     Nov 28 2024 03:29:30[0m
[0;32mI (421) cpu_start: ELF file SHA256:  84927d144...[0m
[0;32mI (426) cpu_start: ESP-IDF:          v5.2.3[0m
[0;32mI (431) cpu_start: Min chip rev:     v0.0[0m
[0;32mI (435) cpu_start: Max chip rev:     v3.99 [0m
[0;32mI (440) cpu_start: Chip rev:         v1.0[0m
[0;32mI (445) heap_init: Initializing. RAM available for dynamic allocation:[0m
[0;32mI (452) heap_init: At 3FFAE6E0 len 00001920 (6 KiB): DRAM[0m
[0;32mI (458) heap_init: At 3FFB7D70 len 00028290 (160 KiB): DRAM[0m
[0;32mI (464) heap_init: At 3FFE0440 len 00003AE0 (14 KiB): D/IRAM[0m
[0;32mI (471) heap_init: At 3FFE4350 len 0001BCB0 (111 KiB): D/IRAM[0m
[0;32mI (477) heap_init: At 400969C4 len 0000963C (37 KiB): IRAM[0m
[0;32mI (485) spi_flash: detected chip: generic[0m
[0;32mI (488) spi_flash: flash io: dio[0m
[0;33mW (492) spi_flash: Detected size(4096k) larger than the size in the binary image header(2048k). Using the size in the binary image header.[0m
[0;32mI (506) main_task: Started on CPU0[0m
[0;32mI (516) main_task: Calling app_main()[0m
[0;32mI (536) wifi:wifi driver task: 3ffbe8d4, prio:23, stack:6656, core=0[0m
[0;32mI (536) wifi:wifi firmware version: 82f54d2[0m
[0;32mI (536) wifi:wifi certification version: v7.0[0m
[0;32mI (536) wifi:config NVS flash: enabled[0m
[0;32mI (536) wifi:config nano formating: disabled[0m
[0;32mI (546) wifi:Init data frame dynamic rx buffer num: 32[0m
[0;32mI (546) wifi:Init static rx mgmt buffer num: 5[0m
[0;32mI (556) wifi:Init management short buffer num: 32[0m
[0;32mI (556) wifi:Init dynamic tx buffer num: 32[0m
[0;32mI (556) wifi:Init static rx buffer size: 1600[0m
[0;32mI (566) wifi:Init static rx buffer num: 10[0m
[0;32mI (566) wifi:Init dynamic rx buffer num: 32[0m
[0;32mI (576) wifi_init: rx ba win: 6[0m
[0;32mI (576) wifi_init: tcpip mbox: 32[0m
[0;32mI (576) wifi_init: udp mbox: 6[0m
[0;32mI (586) wifi_init: tcp mbox: 6[0m
[0;32mI (586) wifi_init: tcp tx win: 5760[0m
[0;32mI (586) wifi_init: tcp rx win: 5760[0m
[0;32mI (596) wifi_init: tcp mss: 1440[0m
[0;32mI (596) wifi_init: WiFi IRAM OP enabled[0m
[0;32mI (606) wifi_init: WiFi RX IRAM OP enabled[0m
[0;32mI (606) phy_init: phy_version 4840,a40f0ac,Aug 16 2024,16:48:06[0m
[0;33mW (616) phy_init: failed to load RF calibration data (0x1102), falling back to full calibration[0m
[0;33mW (686) phy_init: saving new calibration data because of checksum failure, mode(2)[0m
[1;31mE (696) wifi:failed to post WiFi event=43 ret=259[0m
[0;32mI (706) wifi:mode : sta (ec:62:60:a2:12:f8)[0m
[0;32mI (706) wifi:enable tsf[0m
[1;31mE (706) wifi:failed to post WiFi event=2 ret=259[0m
Start scanning...
[1;31mE (3116) wifi:failed to post WiFi event=1 ret=259[0m
Scan completed!
Found 5 access points:
               SSID              | Channel | RSSI |   MAC

               TONLY_TAP_99DFAD1 |       2 |  -43 | 88:d0:39:9d:fa:d1
                            TERA |       4 |  -56 | 20:08:89:96:c8:40
                            TERA |       4 |  -82 | a8:42:a1:64:14:ba
                            jojo |       6 |  -89 | a8:02:db:f4:98:b8
                          Khaled |      11 |  -89 | d8:07:b6:9c:76:06
Start scanning...
[1;31mE (8646) wifi:failed to post WiFi event=1 ret=259[0m
Scan completed!
Found 5 access points:
               SSID              | Channel | RSSI |   MAC

               TONLY_TAP_99DFAD1 |       2 |  -42 | 88:d0:39:9d:fa:d1
                            TERA |       4 |  -55 | 20:08:89:96:c8:40
                            TERA |       4 |  -79 | a8:42:a1:64:14:ba
                            jojo |       6 |  -87 | a8:02:db:f4:98:b8
                          Khaled |      11 |  -87 | d8:07:b6:9c:76:06
Start scanning...
[1;31mE (14176) wifi:failed to post WiFi event=1 ret=259[0m
Scan completed!
Found 5 access points:
               SSID              | Channel | RSSI |   MAC

               TONLY_TAP_99DFAD1 |       2 |  -41 | 88:d0:39:9d:fa:d1
                            TERA |       4 |  -51 | 20:08:89:96:c8:40
                            TERA |       4 |  -79 | a8:42:a1:64:14:ba
                            jojo |       6 |  -87 | a8:02:db:f4:98:b8
                          Khaled |      11 |  -90 | d8:07:b6:9c:76:06
